 __    __    __    __    __ 
/11\__/  \__/  \__/  \__/  \
\__/22\__/  \__/  \__/  \__/
/  \__/  \__/  \__/  \__/  \
\__/  \__/  \__/  \__/  \__/
/  \__/  \__/  \__/  \__/  \
\__/  \__/  \__/  \__/  \__/
/  \__/  \__/  \__/  \__/  \
\__/  \__/  \__/  \__/  \__/
/  \__/  \__/  \__/  \__/  \
\__/  \__/  \__/  \__/  \__/
