 __    __    __    __    __ 
/11\__/31\__/51\__/71\__/91\
\__/22\__/42\__/62\__/82\__/
/13\__/33\__/53\__/73\__/93\
\__/24\__/44\__/64\__/84\__/
/15\__/35\__/55\__/75\__/95\
\__/26\__/46\__/66\__/86\__/
/17\__/37\__/57\__/77\__/97\
\__/28\__/48\__/68\__/88\__/
/19\__/39\__/59\__/79\__/99\
\__/20\__/40\__/60\__/80\__/
